// Jest Snapshot v1, https://goo.gl/fbAQLP

exports[`<Caption /> renders 1`] = `
<div
  className="caption left-align"
>
  <h3>
    This is our big Tagline!
  </h3>
  <h5
    className="light grey-text text-lighten-3"
  >
    Here's our small slogan.
  </h5>
</div>
`;
