// Jest Snapshot v1, https://goo.gl/fbAQLP

exports[`<Chip /> should render 1`] = `
<div
  className="chip"
/>
`;
