// Jest Snapshot v1, https://goo.gl/fbAQLP

exports[`<Collection /> renders 1`] = `
<Collection
  header="names"
>
  <ul
    className="collection with-header"
  >
    <li
      className="collection-header"
    >
      <h4>
        names
      </h4>
    </li>
    <CollectionItem>
      <li
        className="collection-item"
      >
        Alvin
      </li>
    </CollectionItem>
  </ul>
</Collection>
`;
