// Jest Snapshot v1, https://goo.gl/fbAQLP

exports[`<Dropdown /> renders 1`] = `
<Fragment>
  <button
    className="dropdown-trigger"
    data-target="dropdownmockId"
  >
    Drop me!
  </button>
  <ul
    className="dropdown-content"
    id="dropdownmockId"
  />
</Fragment>
`;
