// Jest Snapshot v1, https://goo.gl/fbAQLP

exports[`<MediaBox /> renders 1`] = `
<img
  alt=""
  className="materialboxed more"
  data-caption="A demo media box1"
  id="MediaBox_mockId"
  src="image.jpg"
  width="650"
/>
`;
