// Jest Snapshot v1, https://goo.gl/fbAQLP

exports[`<Range /> renders 1`] = `
<p
  className="range-field"
>
  <input
    max="99"
    min="10"
    type="range"
  />
</p>
`;
