// Jest Snapshot v1, https://goo.gl/fbAQLP

exports[`<SearchForm /> should render 1`] = `
<form>
  <TextInput
    label={
      <Icon>
        search
      </Icon>
    }
    type="search"
  >
    <Icon>
      close
    </Icon>
  </TextInput>
</form>
`;
