// Jest Snapshot v1, https://goo.gl/fbAQLP

exports[`<SideNavItem /> renders 1`] = `
<li
  className=""
>
  <a
    className=""
    href="#!"
  />
</li>
`;
